Design Name: user_project_wrapper
Run Directory: /home/prherrma/runners/r2/_work/tapeout-ci-2311/tapeout-ci-2311/openlane/user_project_wrapper/runs/23_11_06_07_49
----------------------------------------

Magic DRC Summary:
Source: /home/prherrma/runners/r2/_work/tapeout-ci-2311/tapeout-ci-2311/openlane/user_project_wrapper/runs/23_11_06_07_49/reports/signoff/drc.rpt
Violation Message "Local interconnect spacing < 0.17um (li.3) "found 1857570 Times.
Violation Message "P-tap minimum area < 0.07011um^2 (psd.10b) "found 508691 Times.
Violation Message "P-Transistor in SRAM core width < 0.14um (diff/tap.2) "found 665680 Times.
Violation Message "Diffusion width < 0.15um (diff/tap.1) "found 3661760 Times.
Violation Message "Local interconnect width < 0.17um (li.1) "found 4578050 Times.
Violation Message "N-Diffusion spacing to N-well < 0.34um (diff/tap.9) "found 6067770 Times.
Violation Message "This layer can't abut or partially overlap between subcells "found 1004880 Times.
Violation Message "P-diffusion contact width < 0.17um (licon.1) "found 834680 Times.
Violation Message "poly contact width        < 0.17um (licon.1) "found 1801725 Times.
Violation Message "Diffusion contact to SRAM gate < 0.04um (licon.11) "found 1268475 Times.
Violation Message "Metal1 overlap of local interconnect contact < 0.03um (met1.4) "found 1690040 Times.
Violation Message "P-tap overlap of P-tap contact < 0.12um in one direction (licon.7) "found 1353690 Times.
Violation Message "Local interconnect overlap of diffusion contact < 0.08um in one direction (li.5) "found 668320 Times.
Violation Message "nFET cannot abut P-diffusion (diff/tap.3) "found 848057 Times.
Violation Message "poly overhang of SRAM core transistor < 0.11um (poly.8) "found 3688080 Times.
Violation Message "P-diffusion overlap of P-diffusion contact < 0.04um (licon.5a) "found 998520 Times.
Violation Message "poly overlap of poly contact < 0.08um in one direction (licon.8a) "found 1362340 Times.
Violation Message "poly contact spacing to diffusion < 0.19um (licon.14) "found 3417255 Times.
Violation Message "Via1 width < 0.26um (via.1a + 2 * via.4a) "found 3212690 Times.
Violation Message "poly spacing to Diffusion < 0.075um (poly.4) "found 2693680 Times.
Violation Message "N-well overlap of Deep N-well < 0.4um outside, 1.03um inside (nwell.5a, 7) "found 118 Times.
Violation Message "N-tap contact width     < 0.17um (licon.1) "found 499260 Times.
Violation Message "Core local interconnect spacing < 0.14um (li.c2) "found 1331880 Times.
Violation Message "N-Diffusion overhang of nFET < 0.25um (poly.7) "found 5210 Times.
Violation Message "N-diffusion contact width < 0.17um (licon.1) "found 2031325 Times.
Violation Message "poly spacing < 0.21um (poly.2) "found 592145 Times.
Violation Message "N-diffusion overlap of N-diffusion contact < 0.04um (licon.5a) "found 3541360 Times.
Violation Message "N-diffusion overlap of N-diffusion contact < 0.06um in one direction (licon.5c) "found 10410 Times.
Violation Message "poly overlap of poly contact < 0.05um (licon.8) "found 3721620 Times.
Violation Message "N-well overlap of N-tap < 0.18um (diff/tap.10) "found 1831140 Times.
Total Magic DRC violations is 55746421
----------------------------------------

LVS Summary:
Source: /home/prherrma/runners/r2/_work/tapeout-ci-2311/tapeout-ci-2311/openlane/user_project_wrapper/runs/23_11_06_07_49/logs/signoff/40-user_project_wrapper.lef.lvs.log
Number of nets: 65862                      |Number of nets: 65862                      
Design is LVS clean.
----------------------------------------

Antenna Summary:
Source: /home/prherrma/runners/r2/_work/tapeout-ci-2311/tapeout-ci-2311/openlane/user_project_wrapper/runs/23_11_06_07_49/logs/signoff/42-arc.log
Pin violations: 1354
Net violations: 1145
